#-----------------------------------------------------------
# Vivado v2018.2 (64-bit)
# SW Build 2258646 on Thu Jun 14 20:03:12 MDT 2018
# IP Build 2256618 on Thu Jun 14 22:10:49 MDT 2018
# Start of session at: Fri Jul 29 08:55:17 2022
# Process ID: 4116
# Current directory: C:/Users/Asus/Desktop/NANO_UPLOADED
# Command line: vivado.exe -gui_launcher_event rodinguilauncherevent8688 C:\Users\Asus\Desktop\NANO_UPLOADED\NanoProcessor.xpr
# Log file: C:/Users/Asus/Desktop/NANO_UPLOADED/vivado.log
# Journal file: C:/Users/Asus/Desktop/NANO_UPLOADED\vivado.jou
#-----------------------------------------------------------
start_gui
open_project C:/Users/Asus/Desktop/NANO_UPLOADED/NanoProcessor.xpr
update_compile_order -fileset sources_1
launch_runs impl_1 -to_step write_bitstream -jobs 8
wait_on_run impl_1
open_run impl_1
launch_simulation
source System_sim.tcl
reset_run synth_1
launch_runs impl_1 -to_step write_bitstream -jobs 8
wait_on_run impl_1
open_hw
file copy -force C:/Users/Asus/Desktop/NANO_UPLOADED/NanoProcessor.runs/impl_1/System.bit C:/Users/Asus/Desktop/NANO_UPLOADED/Group28.bit
close_sim
